AR decoder_counter behavioral C:/Xilinx/Shukri_Kursova_143610/Decoder_Counter.vhd sub00/vhpl03 1490969768
MO top NULL top.vf vlg6F/top.bin 1490969767
AR filter behavioral C:/Xilinx/Shukri_Kursova_143610/Filter.vhd sub00/vhpl01 1490969770
EN decoder_counter NULL C:/Xilinx/Shukri_Kursova_143610/Decoder_Counter.vhd sub00/vhpl02 1490969767
EN filter NULL C:/Xilinx/Shukri_Kursova_143610/Filter.vhd sub00/vhpl00 1490969769
